{"diagnostic":"clock_anchor","stage":"start","clock":"CLOCK_UPTIME_RAW","pid":61080,"elapsed_before_ns":167,"host_ns":154737388183333,"elapsed_after_ns":417}
{"diagnostic":"frame","sequence":1,"protocol":1,"frame":1,"stage":"received","at_ns":106084}
{"diagnostic":"frame","sequence":1,"protocol":1,"frame":1,"stage":"accepted","at_ns":224459}
{"diagnostic":"frame","sequence":1,"protocol":1,"frame":1,"stage":"submit_begin","at_ns":225750,"queued_updates":1,"queue_capacity":2}
{"diagnostic":"frame","sequence":1,"protocol":1,"frame":1,"stage":"submit_end","at_ns":226000,"queued_updates":2,"queue_capacity":2}
{"diagnostic":"geometry","stage":"initial_window","at_ns":90124084,"values":[["display_id",1.0],["screen_x",0.0],["screen_y",0.0],["screen_width",1920.0],["screen_height",1200.0],["work_x",0.0],["work_y",76.0],["work_width",1920.0],["work_height",1094.0],["available_content_width",1920.0],["available_content_height",1062.0],["logical_width",1280.0],["logical_height",576.0],["content_width",1280.0],["content_height",576.0],["outer_width",1280.0],["outer_height",608.0],["display_relative_left",320.0],["display_relative_top",273.0],["scale",1.0]]}
{"diagnostic":"geometry","stage":"viewport","at_ns":151885500,"values":[["outer_left",320.0],["outer_top",273.0],["outer_width",1280.0],["outer_height",608.0],["width",1280.0],["height",576.0],["scale",1.0],["offset_x",0.0],["offset_y",0.0],["presented_width",1280.0],["presented_height",576.0]]}
{"diagnostic":"frame","sequence":1,"protocol":1,"frame":1,"stage":"dequeued","at_ns":154270042,"queued_updates":1,"queue_capacity":2}
{"diagnostic":"frame","sequence":1,"protocol":1,"frame":1,"stage":"replace_begin","at_ns":154272959}
{"diagnostic":"frame","sequence":1,"protocol":1,"frame":1,"stage":"replaced","at_ns":154273167}
{"diagnostic":"frame","sequence":1,"protocol":1,"frame":1,"stage":"render_callback","at_ns":171103959}
{"diagnostic":"frame","sequence":1,"protocol":1,"frame":1,"stage":"elements_built","at_ns":171295542}
{"diagnostic":"frame","sequence":1,"protocol":1,"frame":1,"stage":"layout_request_begin","at_ns":171298625}
{"diagnostic":"frame","sequence":1,"protocol":1,"frame":1,"stage":"layout_request_end","at_ns":171695209}
{"diagnostic":"frame","sequence":1,"protocol":1,"frame":1,"stage":"prepaint_begin","at_ns":173583167}
{"diagnostic":"frame","sequence":1,"protocol":1,"frame":1,"stage":"prepaint_end","at_ns":173735250}
{"diagnostic":"frame","sequence":1,"protocol":1,"frame":1,"stage":"paint_begin","at_ns":173739292}
{"diagnostic":"frame","sequence":1,"protocol":1,"frame":1,"stage":"paint_end","at_ns":175709584}
{"diagnostic":"clock_anchor","stage":"shutdown","clock":"CLOCK_UPTIME_RAW","pid":61080,"elapsed_before_ns":203320625,"host_ns":154737591503666,"elapsed_after_ns":203320750}
{"diagnostic":"summary","dropped_records":0}
