{"diagnostic":"clock_anchor","stage":"start","clock":"CLOCK_UPTIME_RAW","pid":61091,"elapsed_before_ns":250,"host_ns":154740694316083,"elapsed_after_ns":417}
{"diagnostic":"frame","sequence":1,"protocol":2,"frame":1,"stage":"received","at_ns":190417}
{"diagnostic":"frame","sequence":1,"protocol":2,"frame":1,"stage":"accepted","at_ns":381667}
{"diagnostic":"frame","sequence":1,"protocol":2,"frame":1,"stage":"submit_begin","at_ns":384625,"queued_updates":1,"queue_capacity":2}
{"diagnostic":"frame","sequence":1,"protocol":2,"frame":1,"stage":"submit_end","at_ns":384834,"queued_updates":2,"queue_capacity":2}
{"diagnostic":"frame","sequence":2,"protocol":2,"frame":2,"stage":"received","at_ns":386917}
{"diagnostic":"frame","sequence":2,"protocol":2,"frame":2,"stage":"accepted","at_ns":481084}
{"diagnostic":"frame","sequence":2,"protocol":2,"frame":2,"stage":"submit_begin","at_ns":484542,"queued_updates":2,"queue_capacity":2}
{"diagnostic":"frame","sequence":2,"protocol":2,"frame":2,"stage":"submit_end","at_ns":94420875,"queued_updates":2,"queue_capacity":2}
{"diagnostic":"geometry","stage":"initial_window","at_ns":94543292,"values":[["display_id",1.0],["screen_x",0.0],["screen_y",0.0],["screen_width",1920.0],["screen_height",1200.0],["work_x",0.0],["work_y",76.0],["work_width",1920.0],["work_height",1094.0],["available_content_width",1920.0],["available_content_height",1062.0],["logical_width",960.0],["logical_height",528.0],["content_width",960.0],["content_height",528.0],["outer_width",960.0],["outer_height",560.0],["display_relative_left",480.0],["display_relative_top",297.0],["scale",1.0]]}
{"diagnostic":"geometry","stage":"viewport","at_ns":157806417,"values":[["outer_left",480.0],["outer_top",297.0],["outer_width",960.0],["outer_height",560.0],["width",960.0],["height",528.0],["scale",1.0],["offset_x",0.0],["offset_y",0.0],["presented_width",960.0],["presented_height",528.0]]}
{"diagnostic":"frame","sequence":1,"protocol":2,"frame":1,"stage":"dequeued","at_ns":160080750,"queued_updates":1,"queue_capacity":2}
{"diagnostic":"frame","sequence":1,"protocol":2,"frame":1,"stage":"replace_begin","at_ns":160084667}
{"diagnostic":"frame","sequence":1,"protocol":2,"frame":1,"stage":"replaced","at_ns":160084875}
{"diagnostic":"frame","sequence":2,"protocol":2,"frame":2,"stage":"dequeued","at_ns":160086542,"queued_updates":0,"queue_capacity":2}
{"diagnostic":"frame","sequence":2,"protocol":2,"frame":2,"stage":"replace_begin","at_ns":160086625}
{"diagnostic":"frame","sequence":2,"protocol":2,"frame":2,"stage":"replaced","at_ns":160089709}
{"diagnostic":"frame","sequence":2,"protocol":2,"frame":2,"stage":"render_callback","at_ns":180419167}
{"diagnostic":"frame","sequence":2,"protocol":2,"frame":2,"stage":"elements_built","at_ns":180786917}
{"diagnostic":"frame","sequence":2,"protocol":2,"frame":2,"stage":"layout_request_begin","at_ns":180790750}
{"diagnostic":"frame","sequence":2,"protocol":2,"frame":2,"stage":"layout_request_end","at_ns":181455167}
{"diagnostic":"frame","sequence":2,"protocol":2,"frame":2,"stage":"prepaint_begin","at_ns":183732875}
{"diagnostic":"frame","sequence":2,"protocol":2,"frame":2,"stage":"prepaint_end","at_ns":184023459}
{"diagnostic":"frame","sequence":2,"protocol":2,"frame":2,"stage":"paint_begin","at_ns":184027375}
{"diagnostic":"frame","sequence":2,"protocol":2,"frame":2,"stage":"paint_end","at_ns":187749875}
{"diagnostic":"clock_anchor","stage":"shutdown","clock":"CLOCK_UPTIME_RAW","pid":61091,"elapsed_before_ns":214267959,"host_ns":154740908583791,"elapsed_after_ns":214268125}
{"diagnostic":"summary","dropped_records":0}
