{"diagnostic":"clock_anchor","stage":"start","clock":"CLOCK_UPTIME_RAW","pid":61096,"elapsed_before_ns":208,"host_ns":154741827458291,"elapsed_after_ns":375}
{"diagnostic":"frame","sequence":1,"protocol":2,"frame":1,"stage":"received","at_ns":151375}
{"diagnostic":"frame","sequence":1,"protocol":2,"frame":1,"stage":"accepted","at_ns":343583}
{"diagnostic":"frame","sequence":1,"protocol":2,"frame":1,"stage":"submit_begin","at_ns":345167,"queued_updates":1,"queue_capacity":2}
{"diagnostic":"frame","sequence":1,"protocol":2,"frame":1,"stage":"submit_end","at_ns":345333,"queued_updates":2,"queue_capacity":2}
{"diagnostic":"frame","sequence":2,"protocol":2,"frame":3,"stage":"received","at_ns":345917}
{"diagnostic":"frame","sequence":3,"protocol":2,"frame":4,"stage":"received","at_ns":85837000}
{"diagnostic":"frame","sequence":3,"protocol":2,"frame":4,"stage":"accepted","at_ns":85847458}
{"diagnostic":"frame","sequence":3,"protocol":2,"frame":4,"stage":"submit_begin","at_ns":85847542,"queued_updates":2,"queue_capacity":2}
{"diagnostic":"geometry","stage":"initial_window","at_ns":85964333,"values":[["display_id",1.0],["screen_x",0.0],["screen_y",0.0],["screen_width",1920.0],["screen_height",1200.0],["work_x",0.0],["work_y",76.0],["work_width",1920.0],["work_height",1094.0],["available_content_width",1920.0],["available_content_height",1062.0],["logical_width",960.0],["logical_height",528.0],["content_width",960.0],["content_height",528.0],["outer_width",960.0],["outer_height",560.0],["display_relative_left",480.0],["display_relative_top",297.0],["scale",1.0]]}
{"diagnostic":"geometry","stage":"viewport","at_ns":147726667,"values":[["outer_left",480.0],["outer_top",297.0],["outer_width",960.0],["outer_height",560.0],["width",960.0],["height",528.0],["scale",1.0],["offset_x",0.0],["offset_y",0.0],["presented_width",960.0],["presented_height",528.0]]}
text run exceeds the configured grid
{"diagnostic":"frame","sequence":1,"protocol":2,"frame":1,"stage":"dequeued","at_ns":151763292,"queued_updates":1,"queue_capacity":2}
{"diagnostic":"frame","sequence":1,"protocol":2,"frame":1,"stage":"replace_begin","at_ns":151768167}
{"diagnostic":"frame","sequence":1,"protocol":2,"frame":1,"stage":"replaced","at_ns":151768333}
{"diagnostic":"frame","sequence":3,"protocol":2,"frame":4,"stage":"submit_end","at_ns":151826417,"queued_updates":1,"queue_capacity":2}
{"diagnostic":"frame","sequence":1,"protocol":2,"frame":1,"stage":"render_callback","at_ns":168606958}
{"diagnostic":"frame","sequence":1,"protocol":2,"frame":1,"stage":"elements_built","at_ns":168951000}
{"diagnostic":"frame","sequence":1,"protocol":2,"frame":1,"stage":"layout_request_begin","at_ns":168954000}
{"diagnostic":"frame","sequence":1,"protocol":2,"frame":1,"stage":"layout_request_end","at_ns":169472500}
{"diagnostic":"frame","sequence":1,"protocol":2,"frame":1,"stage":"prepaint_begin","at_ns":171434667}
{"diagnostic":"frame","sequence":1,"protocol":2,"frame":1,"stage":"prepaint_end","at_ns":171711958}
{"diagnostic":"frame","sequence":1,"protocol":2,"frame":1,"stage":"paint_begin","at_ns":171716125}
{"diagnostic":"frame","sequence":1,"protocol":2,"frame":1,"stage":"paint_end","at_ns":175477000}
{"diagnostic":"frame","sequence":3,"protocol":2,"frame":4,"stage":"dequeued","at_ns":202062292,"queued_updates":1,"queue_capacity":2}
{"diagnostic":"frame","sequence":3,"protocol":2,"frame":4,"stage":"replace_begin","at_ns":202069833}
{"diagnostic":"frame","sequence":3,"protocol":2,"frame":4,"stage":"replaced","at_ns":202073917}
{"diagnostic":"clock_anchor","stage":"shutdown","clock":"CLOCK_UPTIME_RAW","pid":61096,"elapsed_before_ns":202857292,"host_ns":154742030315333,"elapsed_after_ns":202857375}
{"diagnostic":"summary","dropped_records":0}
