{"diagnostic":"clock_anchor","stage":"start","clock":"CLOCK_UPTIME_RAW","pid":83239,"elapsed_before_ns":10875,"host_ns":145552892141791,"elapsed_after_ns":31625}
{"diagnostic":"frame","sequence":1,"protocol":2,"frame":1,"stage":"received","at_ns":886125}
{"diagnostic":"frame","sequence":1,"protocol":2,"frame":1,"stage":"accepted","at_ns":2853584}
{"diagnostic":"geometry","stage":"initial_window","at_ns":701388584,"values":[["display_id",1.0],["screen_x",0.0],["screen_y",0.0],["screen_width",1920.0],["screen_height",1200.0],["work_x",0.0],["work_y",77.0],["work_width",1920.0],["work_height",1093.0],["available_content_width",1920.0],["available_content_height",1061.0],["logical_width",960.0],["logical_height",528.0],["content_width",960.0],["content_height",528.0],["outer_width",960.0],["outer_height",560.0],["display_relative_left",480.0],["display_relative_top",296.0],["scale",1.0]]}
{"diagnostic":"geometry","stage":"viewport","at_ns":1177862542,"values":[["outer_left",480.0],["outer_top",296.0],["outer_width",960.0],["outer_height",560.0],["width",960.0],["height",528.0],["scale",1.0],["offset_x",0.0],["offset_y",0.0],["presented_width",960.0],["presented_height",528.0]]}
{"diagnostic":"frame","sequence":1,"protocol":2,"frame":1,"stage":"replaced","at_ns":1190662875}
{"diagnostic":"frame","sequence":1,"protocol":2,"frame":1,"stage":"render_callback","at_ns":1251692292}
{"diagnostic":"frame","sequence":1,"protocol":2,"frame":1,"stage":"render_callback","at_ns":1378979625}
{"diagnostic":"key","id":1,"stage":"native","at_ns":20849666167,"key":"right","is_held":false}
{"diagnostic":"key","id":1,"stage":"normalized","at_ns":20849715792,"key":"right","is_held":false}
{"diagnostic":"key","id":1,"stage":"queued","at_ns":20849734500,"key":"right","is_held":false,"pending_before_enqueue":0}
{"diagnostic":"key","id":1,"stage":"write_started","at_ns":20849771459,"key":"right","is_held":false,"pending_after_dequeue":0,"in_flight":true}
{"diagnostic":"key","id":1,"stage":"written","at_ns":20849964292,"key":"right","is_held":false,"in_flight":false}
{"diagnostic":"frame","sequence":2,"protocol":2,"frame":2,"stage":"received","at_ns":25910862625}
{"diagnostic":"frame","sequence":2,"protocol":2,"frame":2,"stage":"accepted","at_ns":25918051375}
{"diagnostic":"frame","sequence":2,"protocol":2,"frame":2,"stage":"replaced","at_ns":25918166959}
{"diagnostic":"frame","sequence":2,"protocol":2,"frame":2,"stage":"render_callback","at_ns":25934051000}
{"diagnostic":"frame","sequence":3,"protocol":2,"frame":1,"stage":"received","at_ns":41990148209}
cannot resolve asset: No such file or directory (os error 2)
{"diagnostic":"frame","sequence":4,"protocol":2,"frame":1,"stage":"received","at_ns":60369088250}
{"diagnostic":"frame","sequence":4,"protocol":2,"frame":1,"stage":"accepted","at_ns":60381572542}
{"diagnostic":"frame","sequence":4,"protocol":2,"frame":1,"stage":"replaced","at_ns":60384003709}
{"diagnostic":"frame","sequence":4,"protocol":2,"frame":1,"stage":"render_callback","at_ns":60397545542}
{"diagnostic":"frame","sequence":5,"protocol":2,"frame":3,"stage":"received","at_ns":77865745959}
{"diagnostic":"frame","sequence":5,"protocol":2,"frame":3,"stage":"accepted","at_ns":77866126875}
{"diagnostic":"frame","sequence":5,"protocol":2,"frame":3,"stage":"replaced","at_ns":77866236500}
{"diagnostic":"frame","sequence":5,"protocol":2,"frame":3,"stage":"render_callback","at_ns":77877487750}
{"diagnostic":"clock_anchor","stage":"shutdown","clock":"CLOCK_UPTIME_RAW","pid":83239,"elapsed_before_ns":88011163917,"host_ns":145640903285125,"elapsed_after_ns":88011164750}
{"diagnostic":"summary","dropped_records":0}
